// Jest Snapshot v1, https://goo.gl/fbAQLP

exports[`Sneak should render successfully 1`] = `
<styled.span>
  <Styled(Component)
    transition={
      Object {
        "duration": 3,
      }
    }
    variants={
      Object {
        "start": Object {
          "opacity": Array [
            1,
            1,
            1,
            1,
            1,
            1,
            1,
            1,
            1,
            1,
            1,
            1,
            1,
            1,
            1,
            1,
            1,
            1,
            1,
            1,
            1,
            1,
            1,
            1,
            1,
            1,
            1,
            1,
            1,
            1,
            1,
            1,
            1,
            1,
            1,
            1,
            0,
          ],
          "rotate": Array [
            0,
            0,
            0,
            0,
            0,
            0,
            0,
            0,
            0,
            0,
            0,
            0,
            0,
            0,
            0,
            0,
            0,
            0,
            0,
            0,
            0,
            0,
            0,
            0,
            10,
            0,
            0,
          ],
          "scaleX": Array [
            1,
            1,
            1,
            1,
            1,
            1,
            1,
            1,
            1,
            1,
            1,
            1,
            1.2,
            0.8,
            1.05,
            1,
            1,
            1,
            1.2,
            0.8,
            1.05,
            1,
            1,
            1,
            1,
            1,
            1,
            1,
            1,
            1,
            1,
            1,
            1,
            1,
            1,
            1,
            1,
            1,
            1,
            1,
            1,
            1,
          ],
          "scaleY": Array [
            1,
            1,
            1,
            1,
            1,
            1,
            1,
            1,
            1,
            1,
            1,
            1,
            0.7,
            1.2,
            0.95,
            1,
            1,
            1,
            0.7,
            1.2,
            0.95,
            1,
            1,
            1,
            1,
            1,
            1,
            1,
            1,
            1,
            1,
            1,
            1,
            1,
            1,
            1,
            1,
            1,
            1,
            1,
            1,
            1,
          ],
          "x": Array [
            0,
            0,
            0,
            0,
            0,
            0,
            0,
            0,
            0,
            0,
            0,
            0,
            -15,
            -15,
            -15,
            -25,
            -25,
            -25,
            -40,
            -40,
            -40,
            -50,
            -50,
            -50,
            -50,
            -50,
            -50,
            -50,
            -50,
            -50,
            -50,
            -50,
            -50,
            -50,
            -50,
            -50,
            -60,
          ],
          "y": Array [
            0,
            0,
            0,
            0,
            0,
            0,
            0,
            0,
            0,
            0,
            0,
            0,
            0,
            0,
            -30,
            0,
            -5,
            0,
            0,
            0,
            0,
            -30,
            0,
            -5,
            0,
            0,
            0,
            0,
            0,
            0,
            0,
            0,
            0,
            0,
            0,
            0,
            0,
            0,
            0,
            0,
            0,
            0,
            0,
            0,
          ],
        },
        "stop": Object {
          "opacity": 1,
          "rotate": 0,
          "scaleX": 1,
          "scaleY": 1,
          "x": 0,
          "y": 0,
        },
      }
    }
  >
    H
  </Styled(Component)>
  <span>
    ide and sneak
  </span>
</styled.span>
`;
