// Jest Snapshot v1, https://goo.gl/fbAQLP

exports[`Renderer should render successfully 1`] = `
<Slate
  editor={
    Object {
      "addMark": [Function],
      "apply": [Function],
      "children": Array [],
      "deleteBackward": [Function],
      "deleteForward": [Function],
      "deleteFragment": [Function],
      "getFragment": [Function],
      "insertBreak": [Function],
      "insertData": [Function],
      "insertFragment": [Function],
      "insertNode": [Function],
      "insertText": [Function],
      "isInline": [Function],
      "isVoid": [Function],
      "marks": null,
      "normalizeNode": [Function],
      "onChange": [Function],
      "operations": Array [],
      "removeMark": [Function],
      "selection": null,
      "setFragmentData": [Function],
    }
  }
>
  <Editable
    readOnly={true}
    renderElement={[Function]}
    renderLeaf={[Function]}
  />
</Slate>
`;
