// Jest Snapshot v1, https://goo.gl/fbAQLP

exports[`Element should render successfully 1`] = `<h2 />`;
