// Jest Snapshot v1, https://goo.gl/fbAQLP

exports[`Leaf should render successfully 1`] = `<span />`;
